integer      string                                                             integer       char     integer      integer      float      integer      boolean      boolean     string                                                             string[]                                                         
oid          relname                                                            relnamespace  relkind  relowner     relam        reltuples  relpages     relhasrules  relhasoids  relnspname                                                         reloptions                                                       
22           PARTSSUPPLIER.PARTS                                                21            r        0            0            0.0        0            false        false       PartsSupplier                                                      <null>                                                           
27           PK_PARTS                                                           27            i        0            0            0.0        0            false        false       PartsSupplier                                                      <null>                                                           
29           PARTSSUPPLIER.SHIP_VIA                                             21            r        0            0            0.0        0            false        false       PartsSupplier                                                      <null>                                                           
32           PK_SHIP_VIA                                                        32            i        0            0            0.0        0            false        false       PartsSupplier                                                      <null>                                                           
34           PARTSSUPPLIER.STATUS                                               21            r        0            0            0.0        0            false        false       PartsSupplier                                                      <null>                                                           
37           PK_STATUS                                                          37            i        0            0            0.0        0            false        false       PartsSupplier                                                      <null>                                                           
39           PARTSSUPPLIER.SUPPLIER                                             21            r        0            0            0.0        0            false        false       PartsSupplier                                                      <null>                                                           
45           PK_SUPPLIER                                                        45            i        0            0            0.0        0            false        false       PartsSupplier                                                      <null>                                                           
49           PARTSSUPPLIER.SUPPLIER_PARTS                                       21            r        0            0            0.0        0            false        false       PartsSupplier                                                      <null>                                                           
54           PK_SUPPLIER_PARTS                                                  54            i        0            0            0.0        0            false        false       PartsSupplier                                                      <null>                                                           
62           Columns                                                            61            r        0            0            0.0        0            false        false       SYS                                                                <null>                                                           
97           PK                                                                 97            i        0            0            0.0        0            false        false       SYS                                                                <null>                                                           
108          UNIQUE0                                                            108           i        0            0            0.0        0            false        false       SYS                                                                <null>                                                           
110          DataTypes                                                          61            r        0            0            0.0        0            false        false       SYS                                                                <null>                                                           
132          PK                                                                 132           i        0            0            0.0        0            false        false       SYS                                                                <null>                                                           
134          UNIQUE0                                                            134           i        0            0            0.0        0            false        false       SYS                                                                <null>                                                           
136          FunctionParams                                                     61            r        0            0            0.0        0            false        false       SYS                                                                <null>                                                           
155          PK                                                                 155           i        0            0            0.0        0            false        false       SYS                                                                <null>                                                           
164          UNIQUE0                                                            164           i        0            0            0.0        0            false        false       SYS                                                                <null>                                                           
166          Functions                                                          61            r        0            0            0.0        0            false        false       SYS                                                                <null>                                                           
174          PK                                                                 174           i        0            0            0.0        0            false        false       SYS                                                                <null>                                                           
181          UNIQUE0                                                            181           i        0            0            0.0        0            false        false       SYS                                                                <null>                                                           
183          GEOMETRY_COLUMNS                                                   61            v        0            0            0.0        0            false        false       SYS                                                                <null>                                                           
191          KeyColumns                                                         61            r        0            0            0.0        0            false        false       SYS                                                                <null>                                                           
202          PK                                                                 202           i        0            0            0.0        0            false        false       SYS                                                                <null>                                                           
213          UNIQUE0                                                            213           i        0            0            0.0        0            false        false       SYS                                                                <null>                                                           
215          Keys                                                               61            r        0            0            0.0        0            false        false       SYS                                                                <null>                                                           
231          PK                                                                 231           i        0            0            0.0        0            false        false       SYS                                                                <null>                                                           
240          UNIQUE0                                                            240           i        0            0            0.0        0            false        false       SYS                                                                <null>                                                           
242          ProcedureParams                                                    61            r        0            0            0.0        0            false        false       SYS                                                                <null>                                                           
262          PK                                                                 262           i        0            0            0.0        0            false        false       SYS                                                                <null>                                                           
271          UNIQUE0                                                            271           i        0            0            0.0        0            false        false       SYS                                                                <null>                                                           
273          Procedures                                                         61            r        0            0            0.0        0            false        false       SYS                                                                <null>                                                           
282          PK                                                                 282           i        0            0            0.0        0            false        false       SYS                                                                <null>                                                           
291          UNIQUE0                                                            291           i        0            0            0.0        0            false        false       SYS                                                                <null>                                                           
293          Properties                                                         61            r        0            0            0.0        0            false        false       SYS                                                                <null>                                                           
298          UNIQUE0                                                            298           i        0            0            0.0        0            false        false       SYS                                                                <null>                                                           
301          ReferenceKeyColumns                                                61            r        0            0            0.0        0            false        false       SYS                                                                <null>                                                           
317          Schemas                                                            61            r        0            0            0.0        0            false        false       SYS                                                                <null>                                                           
324          PK                                                                 324           i        0            0            0.0        0            false        false       SYS                                                                <null>                                                           
327          UNIQUE0                                                            327           i        0            0            0.0        0            false        false       SYS                                                                <null>                                                           
329          spatial_ref_sys                                                    61            v        0            0            0.0        0            false        false       SYS                                                                <null>                                                           
335          PK                                                                 335           i        0            0            0.0        0            false        false       SYS                                                                <null>                                                           
337          Tables                                                             61            r        0            0            0.0        0            false        false       SYS                                                                <null>                                                           
351          PK                                                                 351           i        0            0            0.0        0            false        false       SYS                                                                <null>                                                           
360          UNIQUE0                                                            360           i        0            0            0.0        0            false        false       SYS                                                                <null>                                                           
362          VirtualDatabases                                                   61            r        0            0            0.0        0            false        false       SYS                                                                <null>                                                           
366          PK                                                                 366           i        0            0            0.0        0            false        false       SYS                                                                <null>                                                           
376          MatViews                                                           375           r        0            0            0.0        0            false        false       SYSADMIN                                                           <null>                                                           
386          PK                                                                 386           i        0            0            0.0        0            false        false       SYSADMIN                                                           <null>                                                           
390          StoredProcedures                                                   375           r        0            0            0.0        0            false        false       SYSADMIN                                                           <null>                                                           
396          PK                                                                 396           i        0            0            0.0        0            false        false       SYSADMIN                                                           <null>                                                           
400          UNIQUE0                                                            400           i        0            0            0.0        0            false        false       SYSADMIN                                                           <null>                                                           
402          Triggers                                                           375           r        0            0            0.0        0            false        false       SYSADMIN                                                           <null>                                                           
412          PK                                                                 412           i        0            0            0.0        0            false        false       SYSADMIN                                                           <null>                                                           
417          Usage                                                              375           r        0            0            0.0        0            false        false       SYSADMIN                                                           <null>                                                           
429          PK                                                                 429           i        0            0            0.0        0            false        false       SYSADMIN                                                           <null>                                                           
432          VDBResources                                                       375           r        0            0            0.0        0            false        false       SYSADMIN                                                           <null>                                                           
435          PK                                                                 435           i        0            0            0.0        0            false        false       SYSADMIN                                                           <null>                                                           
437          Views                                                              375           r        0            0            0.0        0            false        false       SYSADMIN                                                           <null>                                                           
443          PK                                                                 443           i        0            0            0.0        0            false        false       SYSADMIN                                                           <null>                                                           
447          UNIQUE0                                                            447           i        0            0            0.0        0            false        false       SYSADMIN                                                           <null>                                                           
514          geography_columns                                                  513           v        0            0            0.0        0            false        false       pg_catalog                                                         <null>                                                           
522          information_schema.columns                                         513           v        0            0            0.0        0            false        false       pg_catalog                                                         <null>                                                           
543          information_schema.key_column_usage                                513           v        0            0            0.0        0            false        false       pg_catalog                                                         <null>                                                           
553          information_schema.referential_constraints                         513           v        0            0            0.0        0            false        false       pg_catalog                                                         <null>                                                           
563          information_schema.table_constraints                               513           v        0            0            0.0        0            false        false       pg_catalog                                                         <null>                                                           
573          information_schema.tables                                          513           v        0            0            0.0        0            false        false       pg_catalog                                                         <null>                                                           
578          information_schema.views                                           513           v        0            0            0.0        0            false        false       pg_catalog                                                         <null>                                                           
584          matpg_datatype                                                     513           v        0            0            0.0        0            false        false       pg_catalog                                                         <null>                                                           
592          matpg_datatype_names                                               592           i        0            0            0.0        0            false        false       pg_catalog                                                         <null>                                                           
595          matpg_datatype_ids                                                 595           i        0            0            0.0        0            false        false       pg_catalog                                                         <null>                                                           
598          pg_am                                                              513           v        0            0            0.0        0            false        false       pg_catalog                                                         <null>                                                           
601          pg_attrdef                                                         513           v        0            0            0.0        0            false        false       pg_catalog                                                         <null>                                                           
606          pg_attribute                                                       513           v        0            0            0.0        0            false        false       pg_catalog                                                         <null>                                                           
617          pk_pg_attr                                                         617           i        0            0            0.0        0            false        false       pg_catalog                                                         <null>                                                           
619          pg_class                                                           513           v        0            0            0.0        0            false        false       pg_catalog                                                         <null>                                                           
632          pk_pg_class                                                        632           i        0            0            0.0        0            false        false       pg_catalog                                                         <null>                                                           
634          pg_constraint                                                      513           v        0            0            0.0        0            false        false       pg_catalog                                                         <null>                                                           
645          pg_database                                                        513           v        0            0            0.0        0            false        false       pg_catalog                                                         <null>                                                           
655          pg_description                                                     513           v        0            0            0.0        0            false        false       pg_catalog                                                         <null>                                                           
660          pg_index                                                           513           v        0            0            0.0        0            false        false       pg_catalog                                                         <null>                                                           
672          pk_pg_index                                                        672           i        0            0            0.0        0            false        false       pg_catalog                                                         <null>                                                           
674          pg_inherits                                                        513           v        0            0            0.0        0            false        false       pg_catalog                                                         <null>                                                           
678          pg_namespace                                                       513           v        0            0            0.0        0            false        false       pg_catalog                                                         <null>                                                           
682          pg_prepared_xacts                                                  513           v        0            0            0.0        0            false        false       pg_catalog                                                         <null>                                                           
687          pg_proc                                                            513           v        0            0            0.0        0            false        false       pg_catalog                                                         <null>                                                           
698          pk_pg_proc                                                         698           i        0            0            0.0        0            false        false       pg_catalog                                                         <null>                                                           
700          pg_stats                                                           513           v        0            0            0.0        0            false        false       pg_catalog                                                         <null>                                                           
704          pg_trigger                                                         513           v        0            0            0.0        0            false        false       pg_catalog                                                         <null>                                                           
714          pg_type                                                            513           v        0            0            0.0        0            false        false       pg_catalog                                                         <null>                                                           
730          pg_user                                                            513           v        0            0            0.0        0            false        false       pg_catalog                                                         <null>                                                           
Row Count : 92
getColumnName  getColumnType  getCatalogName  getColumnClassName  getColumnLabel  getColumnTypeName  getSchemaName  getTableName  getColumnDisplaySize  getPrecision  getScale  isAutoIncrement  isCaseSensitive  isCurrency  isDefinitelyWritable  isNullable  isReadOnly  isSearchable  isSigned  isWritable  
oid            4              PartsSupplier   java.lang.Integer   oid             integer            pg_catalog     pg_class      11                    10            0         false            false            false       false                 1           true        true          true      false       
relname        12             PartsSupplier   java.lang.String    relname         string             pg_catalog     pg_class      4000                  4000          0         false            true             false       false                 1           true        true          false     false       
relnamespace   4              PartsSupplier   java.lang.Integer   relnamespace    integer            pg_catalog     pg_class      11                    10            0         false            false            false       false                 1           true        true          true      false       
relkind        1              PartsSupplier   java.lang.String    relkind         char               pg_catalog     pg_class      1                     1             0         false            true             false       false                 1           true        true          false     false       
relowner       4              PartsSupplier   java.lang.Integer   relowner        integer            pg_catalog     pg_class      11                    10            0         false            false            false       false                 1           true        true          true      false       
relam          4              PartsSupplier   java.lang.Integer   relam           integer            pg_catalog     pg_class      11                    10            0         false            false            false       false                 1           true        true          true      false       
reltuples      7              PartsSupplier   java.lang.Float     reltuples       float              pg_catalog     pg_class      9                     7             3         false            false            false       false                 1           true        true          true      false       
relpages       4              PartsSupplier   java.lang.Integer   relpages        integer            pg_catalog     pg_class      11                    10            0         false            false            false       false                 1           true        true          true      false       
relhasrules    -7             PartsSupplier   java.lang.Boolean   relhasrules     boolean            pg_catalog     pg_class      5                     1             0         false            false            false       false                 1           true        true          false     false       
relhasoids     -7             PartsSupplier   java.lang.Boolean   relhasoids      boolean            pg_catalog     pg_class      5                     1             0         false            false            false       false                 1           true        true          false     false       
relnspname     12             PartsSupplier   java.lang.String    relnspname      string             pg_catalog     pg_class      4000                  4000          0         false            true             false       false                 1           true        true          false     false       
reloptions     2003           PartsSupplier   java.sql.Array      reloptions      string[]           pg_catalog     pg_class      2147483647            4000          0         false            true             false       false                 1           true        true          false     false       
