string                                                             string                                                             string                                              clob                                                             
Name                                                               Value                                                              UID                                                 ClobValue                                                        
{http://www.teiid.org/ext/relational/2012}default_handling         expression                                                         tid:60b87e792634-bc9325ad-00000034                  Clob[10]                                                         
pg_type:oid                                                        1002                                                               tid:7ff2755e9621-c636425c-00000047                  Clob[4]                                                          
pg_type:oid                                                        1009                                                               tid:7ff2755e9621-c63e1e74-00000046                  Clob[4]                                                          
pg_type:oid                                                        30                                                                 tid:7ff2755e9621-c69d9fa5-00000045                  Clob[2]                                                          
{http://www.teiid.org/ext/relational/2012}ALLOW_MATVIEW_MANAGEMEN$ true                                                               tid:7ff2755e9621-d9ee5c82-0000001f                  Clob[4]                                                          
{http://www.teiid.org/ext/relational/2012}ALLOW_MATVIEW_MANAGEMEN$ true                                                               tid:7ff2755e9621-e544c1cc-0000006a                  Clob[4]                                                          
teiid:pass-through-type                                            true                                                               tid:7ff2755e9621-e548fc4c-000000ed                  Clob[4]                                                          
pg_type:oid                                                        22                                                                 tid:7ff2755e9621-ef456dd7-00000037                  Clob[2]                                                          
pg_type:oid                                                        1028                                                               tid:7ff2755e9621-f41901cc-00000048                  Clob[4]                                                          
Row Count : 9
getColumnName  getColumnType  getCatalogName  getColumnClassName  getColumnLabel  getColumnTypeName  getSchemaName  getTableName  getColumnDisplaySize  getPrecision  getScale  isAutoIncrement  isCaseSensitive  isCurrency  isDefinitelyWritable  isNullable  isReadOnly  isSearchable  isSigned  isWritable  
Name           12             PartsSupplier   java.lang.String    Name            string             SYS            Properties    4000                  4000          0         false            true             false       false                 0           true        true          false     false       
Value          12             PartsSupplier   java.lang.String    Value           string             SYS            Properties    4000                  4000          0         false            true             false       false                 0           true        true          false     false       
UID            12             PartsSupplier   java.lang.String    UID             string             SYS            Properties    50                    50            0         false            true             false       false                 0           true        true          false     false       
ClobValue      2005           PartsSupplier   java.sql.Clob       ClobValue       clob               SYS            Properties    2097152               2097152       0         false            true             false       false                 1           true        true          false     false       
